components/Studio.tsx(89,6): error TS17008: JSX element 'div' has no corresponding closing tag.
components/Studio.tsx(120,8): error TS17008: JSX element 'div' has no corresponding closing tag.
components/Studio.tsx(122,12): error TS17008: JSX element 'div' has no corresponding closing tag.
components/Studio.tsx(123,14): error TS17008: JSX element 'div' has no corresponding closing tag.
components/Studio.tsx(126,43): error TS1005: '</' expected.
components/Studio.tsx(126,43): error TS1109: Expression expected.
